period,scenario,subscenario,subperiod,a - Sistema,b - Sistema,c - Sistema,d - Sistema,e - Sistema
1,1,1,1,0.0,0.0,-1351.3499755859375,-1801.7999267578125,0.0
1,1,2,1,0.0,0.0,0.0,0.0,0.0
1,1,3,1,0.0,3002.999755859375,2252.249755859375,0.0,0.0
