period,scenario,subscenario,subperiod,a - Sistema,b - Sistema,c - Sistema,d - Sistema,e - Sistema
1,1,1,1,0.0,0.0,-1351.3499148633343,-1801.7998864844458,0.0
1,1,2,1,0.0,0.0,0.0,0.0,0.0
1,1,3,1,0.0,3002.9998108074096,2252.249858105557,0.0,0.0
