period,scenario,subscenario,subperiod,Demanda
1,1,1,1,0.13
1,1,1,2,0.21
1,1,2,1,0.13
1,1,2,2,0.21
1,1,3,1,0.15
1,1,3,2,0.23
1,1,4,1,0.15
1,1,4,2,0.23
