period,scenario,subperiod,Renovavel 1
1,1,1,0.03
1,1,2,0.03
