period,scenario,subscenario,subperiod,Renovavel 1
1,1,1,1,0.015
1,1,1,2,0.015
1,1,2,1,0.025
1,1,2,2,0.025
1,1,3,1,0.035
1,1,3,2,0.035
1,1,4,1,0.045
1,1,4,2,0.045
