period,scenario,subperiod,Termica 1,Termica 2,Termica 3,Termica 4,Termica 5
1,1,1,2400.0,1125.00004,-0.0,-0.0,-0.0
1,1,2,2400.0,2700.0,2100.000161,-0.0,-0.0
