period,scenario,subscenario,subperiod,Termica 1,Termica 2,Termica 3,Termica 4,Termica 5
1,1,1,1,2400.0,225.000027,-0.0,-0.0,-0.0
1,1,1,2,2400.0,2700.0,899.999964,-0.0,-0.0
1,1,2,1,2200.000048,-0.0,-0.0,-0.0,-0.0
1,1,2,2,2400.0,2700.0,3600.0,1125.000358,-0.0
1,1,3,1,2400.0,2475.000027,-0.0,-0.0,-0.0
1,1,3,2,2400.0,2475.000027,0.0,-0.0,-0.0
1,1,4,1,2400.0,2025.000054,-0.0,-0.0,-0.0
1,1,4,2,2400.0,2700.0,3300.000358,-0.0,-0.0
