period,scenario,subperiod,hyd_1
1,1,1,0.9072
1,1,2,0.7776
1,2,1,0.864
1,2,2,0.6912
1,3,1,0.864
1,3,2,0.6912
1,4,1,0.864
1,4,2,0.6912
2,1,1,0.648
2,1,2,0.5184
2,2,1,0.5184
2,2,2,0.3456
2,3,1,0.5184
2,3,2,0.3456
2,4,1,0.5184
2,4,2,0.3456
3,1,1,0.3888
3,1,2,0.2592
3,2,1,0.1728
3,2,2,-0.0
3,3,1,0.1728
3,3,2,0.0
3,4,1,0.1728
3,4,2,0.0
