period,scenario,subperiod,hyd_1
1,1,1,0.0324
1,2,1,0.0288
1,3,1,0.0288
1,4,1,0.0288
2,1,1,0.0216
2,2,1,0.0144
2,3,1,0.0144
2,4,1,0.0144
3,1,1,0.0108
3,2,1,-0.0
3,3,1,0.0
3,4,1,0.0
