version = 1
dimensions = ["period", "scenario", "profile"]
dimension_size = [3, 4, 13]
initial_date = "2020-01-01 00:00:00"
time_dimension = "period"
frequency = "monthly"
unit = "$/MWh"
labels = ["bg_1", "bg_2"]
