period,scenario,subperiod,hydro_1,hydro_2
1,1,1,0.35,0.15
1,1,2,0.15,0.35
1,1,3,0.25,0.25
1,2,1,0.35,0.15
1,2,2,0.15,0.35
1,2,3,0.25,0.25
2,1,1,0.35,0.15
2,1,2,0.15,0.35
2,1,3,0.25,0.25
2,2,1,0.35,0.15
2,2,2,0.15,0.35
2,2,3,0.25,0.25
3,1,1,0.26,0.24
3,1,2,0.0,0.0
3,1,3,0.16,0.18
3,2,1,0.0,0.0
3,2,2,0.0,0.0
3,2,3,0.0,0.0
