period,scenario,subscenario,subperiod,a - Sistema,b - Sistema,c - Sistema,d - Sistema,e - Sistema
1,1,1,1,3600.0,3600.0,600.0,0.0,0.0
1,1,1,2,4500.0,4500.0,4500.0,2250.0,0.0
1,1,2,1,3600.0,3600.0,600.0,0.0,0.0
1,1,2,2,4500.0,4500.0,4500.0,3750.0,0.0
1,1,3,1,3600.0,3600.0,1800.0,0.0,0.0
1,1,3,2,4500.0,4500.0,4500.0,2250.0,0.0
1,1,4,1,3600.0,3600.0,1800.0,0.0,0.0
1,1,4,2,4500.0,4500.0,4500.0,3750.0,0.0
