period,scenario,subperiod,a - Sistema,b - Sistema,c - Sistema,d - Sistema,e - Sistema
1,1,1,2400.0,2700.0,1199.9998779296875,0.0,0.0
1,1,2,2400.0,2700.0,3600.0,2999.99951171875,0.0
