period,scenario,subscenario,subperiod,a - Sistema,b - Sistema,c - Sistema,d - Sistema,e - Sistema
1,1,1,1,0.0,0.0,-599.9999865889549,0.0,0.0
1,1,1,2,0.0,0.0,0.0,-749.9999832361937,0.0
1,1,2,1,0.0,0.0,-599.9999865889549,0.0,0.0
1,1,2,2,0.0,0.0,0.0,-749.9999832361937,0.0
1,1,3,1,0.0,0.0,599.9999865889549,0.0,0.0
1,1,3,2,0.0,0.0,0.0,750.0001229345798,0.0
1,1,4,1,0.0,0.0,599.9999865889549,0.0,0.0
1,1,4,2,0.0,0.0,0.0,750.0001229345798,0.0
