version = 1
dimensions = ["stage", "scenario", "subscenario", "block"]
dimension_size = [3, 2, 1, 4]
initial_date = "2020-01-01 00:00:00"
time_dimension = "stage"
frequency = "monthly"
unit = "hm3"
labels = ["hydro_1", "hydro_2"]
