period,scenario,subscenario,subperiod,a - Sistema,b - Sistema,c - Sistema,d - Sistema,e - Sistema
1,1,1,1,2700.0,900.0,0.0,0.0,0.0
1,1,2,1,3600.0,3600.0,1800.0,0.0,0.0
1,1,3,1,4500.0,4500.0,4500.0,3000.0,0.0
