period,scenario,subscenario,subperiod,bid_segment,a - Sistema,b - Sistema,c - Sistema,d - Sistema,e - Sistema
1,1,1,1,1,0.0,0.0,0.0,0.02,0.06
1,1,2,1,1,0.0,0.0,0.03,0.06,0.06
1,1,3,1,1,0.0,0.04,0.06,0.06,0.06
