period,scenario,subscenario,subperiod,Sistema
1,1,1,1,45.0
1,1,2,1,60.0
1,1,3,1,75.0
