version = 1
dimensions = ["stage", "scenario", "block"]
dimension_size = [3, 2, 4]
initial_date = "2024-01-01 00:00:00"
time_dimension = "stage"
frequency = "month"
unit = "GWh"
labels = ["hydro", "thermal", "renewable", "battery", "deficit", "demand"]
