period,scenario,subperiod,bid_segment,Bidding Group 1 - Bus 1,Bidding Group 2 - Bus 1,Bidding Group 3 - Bus 1
1,1,1,1,50.0,50.0,50.0
