period,scenario,subscenario,subperiod,Demand 1
1,1,1,1,0.0
