version = 1
dimensions = ["stage", "scenario", "block", "bid_segment"]
dimension_size = [3, 4, 2, 2]
initial_date = "2020-01-01 00:00:00"
time_dimension = "stage"
frequency = "monthly"
unit = "$/MWh"
labels = ["bg_1 - bus_1", "bg_1 - bus_2", "bg_2 - bus_1", "bg_2 - bus_2"]
