period,scenario,subperiod,a - Sistema,b - Sistema,c - Sistema,d - Sistema,e - Sistema
1,1,1,2700.0,2250.0,0.0,0.0,0.0
1,1,2,4500.0,4500.0,4500.0,750.0,0.0
