period,scenario,subscenario,subperiod,a - Sistema,b - Sistema,c - Sistema,d - Sistema,e - Sistema
1,1,1,1,0.0,-1800.0,0.0,0.0,0.0
1,1,1,2,0.0,0.0,-1800.0,-600.0,0.0
1,1,2,1,0.0,-675.0,0.0,0.0,0.0
1,1,2,2,0.0,0.0,-299.99993896484375,-600.0,0.0
1,1,3,1,0.0,599.9998779296875,300.0,0.0,0.0
1,1,3,2,0.0,0.0,0.0,1125.0,0.0
1,1,4,1,0.0,599.9998779296875,1800.0,0.0,0.0
1,1,4,2,0.0,0.0,0.0,3000.0,0.0
