period,scenario,subperiod,a - Sistema,b - Sistema,c - Sistema,d - Sistema,e - Sistema
1,1,1,2699.999939650297,2250.0000335276127,0.0,0.0,0.0
1,1,2,4499.999899417162,4499.999899417162,4499.999899417162,749.9999832361937,0.0
