period,scenario,subperiod,a - Sistema,b - Sistema,c - Sistema,d - Sistema,e - Sistema
1,1,1,2400.0,2249.999755859375,0.0,0.0,0.0
1,1,2,2400.0,2700.0,3600.0,749.9994506835938,0.0
