period,scenario,subscenario,subperiod,a - Sistema,b - Sistema,c - Sistema,d - Sistema,e - Sistema
1,1,1,1,0.0,-899.9999798834324,0.0,0.0,0.0
1,1,1,2,0.0,0.0,-1199.9999731779099,0.0,0.0
1,1,2,1,-199.99995827674866,-1000.0000149011612,0.0,0.0,0.0
1,1,2,2,0.0,0.0,1874.999888241291,1124.9999748542905,0.0
1,1,3,1,0.0,1349.9999698251486,0.0,0.0,0.0
1,1,3,2,0.0,-224.99995306134224,-1575.0000067055225,0.0,0.0
1,1,4,1,0.0,900.0000637024641,0.0,0.0,0.0
1,1,4,2,0.0,0.0,1199.9999731779099,0.0,0.0
