period,scenario,subscenario,subperiod,bus_1
1,1,1,1,491.198434
1,1,1,2,491.198434
1,1,1,3,491.198434
1,2,1,1,368.398843
1,2,1,2,368.398843
1,2,1,3,368.398843
2,1,1,1,495.629195
2,1,1,2,495.629195
2,1,1,3,495.629195
2,2,1,1,495.629195
2,2,1,2,495.629195
2,2,1,3,495.629195
3,1,1,1,491.296597
3,1,1,2,491.296597
3,1,1,3,491.296597
3,2,1,1,491.296597
3,2,1,2,491.296597
3,2,1,3,491.296597
