period,scenario,subperiod,Thermal Owner - Island,Price Taker - Island
1,1,1,1.44096e6,2.52139175e6
1,2,1,1.44096e6,1.8012e6
1,3,1,432287.96875,540360.0
1,4,1,1.44096e6,2.52139175e6
2,1,1,1.44096e6,2.88192e6
2,2,1,1.44096e6,2.16172825e6
2,3,1,432287.96875,648518.4375
2,4,1,1.44096e6,2.88192e6
